Archive member included to satisfy reference by file (symbol)

/home/hugo/local/Toolchain/GNU Tools ARM Embedded/gcc-arm-none-eabi-6-2017-q1-update/bin/../lib/gcc/arm-none-eabi/6.3.1/thumb/v7e-m/fpv4-sp/hard/libgcc.a(_arm_addsubdf3.o)
                              ./Library/StdDriver/src/emac.o (__aeabi_ui2d)
/home/hugo/local/Toolchain/GNU Tools ARM Embedded/gcc-arm-none-eabi-6-2017-q1-update/bin/../lib/gcc/arm-none-eabi/6.3.1/thumb/v7e-m/fpv4-sp/hard/libgcc.a(_arm_muldivdf3.o)
                              ./Library/StdDriver/src/emac.o (__aeabi_dmul)
/home/hugo/local/Toolchain/GNU Tools ARM Embedded/gcc-arm-none-eabi-6-2017-q1-update/bin/../lib/gcc/arm-none-eabi/6.3.1/thumb/v7e-m/fpv4-sp/hard/libgcc.a(_arm_fixunsdfsi.o)
                              ./Library/StdDriver/src/emac.o (__aeabi_d2uiz)
/home/hugo/local/Toolchain/GNU Tools ARM Embedded/gcc-arm-none-eabi-6-2017-q1-update/bin/../lib/gcc/arm-none-eabi/6.3.1/thumb/v7e-m/fpv4-sp/hard/libgcc.a(_aeabi_uldivmod.o)
                              ./Library/StdDriver/src/can.o (__aeabi_uldivmod)
/home/hugo/local/Toolchain/GNU Tools ARM Embedded/gcc-arm-none-eabi-6-2017-q1-update/bin/../lib/gcc/arm-none-eabi/6.3.1/thumb/v7e-m/fpv4-sp/hard/libgcc.a(_udivmoddi4.o)
                              /home/hugo/local/Toolchain/GNU Tools ARM Embedded/gcc-arm-none-eabi-6-2017-q1-update/bin/../lib/gcc/arm-none-eabi/6.3.1/thumb/v7e-m/fpv4-sp/hard/libgcc.a(_aeabi_uldivmod.o) (__udivmoddi4)
/home/hugo/local/Toolchain/GNU Tools ARM Embedded/gcc-arm-none-eabi-6-2017-q1-update/bin/../lib/gcc/arm-none-eabi/6.3.1/thumb/v7e-m/fpv4-sp/hard/libgcc.a(_dvmd_tls.o)
                              /home/hugo/local/Toolchain/GNU Tools ARM Embedded/gcc-arm-none-eabi-6-2017-q1-update/bin/../lib/gcc/arm-none-eabi/6.3.1/thumb/v7e-m/fpv4-sp/hard/libgcc.a(_aeabi_uldivmod.o) (__aeabi_ldiv0)
/home/hugo/local/Toolchain/GNU Tools ARM Embedded/gcc-arm-none-eabi-6-2017-q1-update/bin/../lib/gcc/arm-none-eabi/6.3.1/../../../../arm-none-eabi/lib/thumb/v7e-m/fpv4-sp/hard/libg_nano.a(lib_a-errno.o)
                              ./CMSIS/GCC/_syscalls.o (__errno)
/home/hugo/local/Toolchain/GNU Tools ARM Embedded/gcc-arm-none-eabi-6-2017-q1-update/bin/../lib/gcc/arm-none-eabi/6.3.1/../../../../arm-none-eabi/lib/thumb/v7e-m/fpv4-sp/hard/libg_nano.a(lib_a-exit.o)
                              /home/hugo/local/Toolchain/GNU Tools ARM Embedded/gcc-arm-none-eabi-6-2017-q1-update/bin/../lib/gcc/arm-none-eabi/6.3.1/../../../../arm-none-eabi/lib/thumb/v7e-m/fpv4-sp/hard/crt0.o (exit)
/home/hugo/local/Toolchain/GNU Tools ARM Embedded/gcc-arm-none-eabi-6-2017-q1-update/bin/../lib/gcc/arm-none-eabi/6.3.1/../../../../arm-none-eabi/lib/thumb/v7e-m/fpv4-sp/hard/libg_nano.a(lib_a-impure.o)
                              /home/hugo/local/Toolchain/GNU Tools ARM Embedded/gcc-arm-none-eabi-6-2017-q1-update/bin/../lib/gcc/arm-none-eabi/6.3.1/../../../../arm-none-eabi/lib/thumb/v7e-m/fpv4-sp/hard/libg_nano.a(lib_a-exit.o) (_global_impure_ptr)
/home/hugo/local/Toolchain/GNU Tools ARM Embedded/gcc-arm-none-eabi-6-2017-q1-update/bin/../lib/gcc/arm-none-eabi/6.3.1/../../../../arm-none-eabi/lib/thumb/v7e-m/fpv4-sp/hard/libg_nano.a(lib_a-init.o)
                              /home/hugo/local/Toolchain/GNU Tools ARM Embedded/gcc-arm-none-eabi-6-2017-q1-update/bin/../lib/gcc/arm-none-eabi/6.3.1/../../../../arm-none-eabi/lib/thumb/v7e-m/fpv4-sp/hard/crt0.o (__libc_init_array)
/home/hugo/local/Toolchain/GNU Tools ARM Embedded/gcc-arm-none-eabi-6-2017-q1-update/bin/../lib/gcc/arm-none-eabi/6.3.1/../../../../arm-none-eabi/lib/thumb/v7e-m/fpv4-sp/hard/libg_nano.a(lib_a-memcmp.o)
                              ./Library/StdDriver/src/emac.o (memcmp)
/home/hugo/local/Toolchain/GNU Tools ARM Embedded/gcc-arm-none-eabi-6-2017-q1-update/bin/../lib/gcc/arm-none-eabi/6.3.1/../../../../arm-none-eabi/lib/thumb/v7e-m/fpv4-sp/hard/libg_nano.a(lib_a-memcpy-stub.o)
                              ./Library/StdDriver/src/crypto.o (memcpy)
/home/hugo/local/Toolchain/GNU Tools ARM Embedded/gcc-arm-none-eabi-6-2017-q1-update/bin/../lib/gcc/arm-none-eabi/6.3.1/../../../../arm-none-eabi/lib/thumb/v7e-m/fpv4-sp/hard/libg_nano.a(lib_a-memset.o)
                              /home/hugo/local/Toolchain/GNU Tools ARM Embedded/gcc-arm-none-eabi-6-2017-q1-update/bin/../lib/gcc/arm-none-eabi/6.3.1/../../../../arm-none-eabi/lib/thumb/v7e-m/fpv4-sp/hard/crt0.o (memset)
/home/hugo/local/Toolchain/GNU Tools ARM Embedded/gcc-arm-none-eabi-6-2017-q1-update/bin/../lib/gcc/arm-none-eabi/6.3.1/../../../../arm-none-eabi/lib/thumb/v7e-m/fpv4-sp/hard/libg_nano.a(lib_a-printf.o)
                              ./Library/StdDriver/src/retarget.o (printf)
/home/hugo/local/Toolchain/GNU Tools ARM Embedded/gcc-arm-none-eabi-6-2017-q1-update/bin/../lib/gcc/arm-none-eabi/6.3.1/../../../../arm-none-eabi/lib/thumb/v7e-m/fpv4-sp/hard/libg_nano.a(lib_a-puts.o)
                              ./User/main.o (puts)
[...]
Memory Configuration

Name             Origin             Length             Attributes
FLASH            0x0000000000000000 0x0000000000040000 xr
RAM              0x0000000020000000 0x0000000000020000 xrw
*default*        0x0000000000000000 0xffffffffffffffff

Linker script and memory map

LOAD /home/hugo/local/Toolchain/GNU Tools ARM Embedded/gcc-arm-none-eabi-6-2017-q1-update/bin/../lib/gcc/arm-none-eabi/6.3.1/thumb/v7e-m/fpv4-sp/hard/crti.o
LOAD /home/hugo/local/Toolchain/GNU Tools ARM Embedded/gcc-arm-none-eabi-6-2017-q1-update/bin/../lib/gcc/arm-none-eabi/6.3.1/thumb/v7e-m/fpv4-sp/hard/crtbegin.o
LOAD /home/hugo/local/Toolchain/GNU Tools ARM Embedded/gcc-arm-none-eabi-6-2017-q1-update/bin/../lib/gcc/arm-none-eabi/6.3.1/../../../../arm-none-eabi/lib/thumb/v7e-m/fpv4-sp/hard/crt0.o
LOAD ./User/main.o
LOAD ./User/sys.o
LOAD ./Library/StdDriver/src/acmp.o
LOAD ./Library/StdDriver/src/bpwm.o
LOAD ./Library/StdDriver/src/can.o
LOAD ./Library/StdDriver/src/ccap.o
LOAD ./Library/StdDriver/src/clk.o
LOAD ./Library/StdDriver/src/crc.o
LOAD ./Library/StdDriver/src/crypto.o
LOAD ./Library/StdDriver/src/dac.o
LOAD ./Library/StdDriver/src/eadc.o
LOAD ./Library/StdDriver/src/ebi.o
LOAD ./Library/StdDriver/src/ecap.o
LOAD ./Library/StdDriver/src/emac.o
LOAD ./Library/StdDriver/src/epwm.o
LOAD ./Library/StdDriver/src/fmc.o
LOAD ./Library/StdDriver/src/gpio.o
LOAD ./Library/StdDriver/src/hsusbd.o
LOAD ./Library/StdDriver/src/i2c.o
LOAD ./Library/StdDriver/src/i2s.o
LOAD ./Library/StdDriver/src/pdma.o
LOAD ./Library/StdDriver/src/qei.o
LOAD ./Library/StdDriver/src/qspi.o
LOAD ./Library/StdDriver/src/retarget.o
LOAD ./Library/StdDriver/src/rtc.o
LOAD ./Library/StdDriver/src/sc.o
LOAD ./Library/StdDriver/src/scuart.o
LOAD ./Library/StdDriver/src/sdh.o
LOAD ./Library/StdDriver/src/spi.o
LOAD ./Library/StdDriver/src/spim.o
LOAD ./Library/StdDriver/src/sys.o
LOAD ./Library/StdDriver/src/timer.o
LOAD ./Library/StdDriver/src/timer_pwm.o
LOAD ./Library/StdDriver/src/trng.o
LOAD ./Library/StdDriver/src/uart.o
LOAD ./Library/StdDriver/src/usbd.o
LOAD ./Library/StdDriver/src/usci_i2c.o
LOAD ./Library/StdDriver/src/usci_spi.o
LOAD ./Library/StdDriver/src/usci_uart.o
LOAD ./Library/StdDriver/src/wdt.o
LOAD ./Library/StdDriver/src/wwdt.o
LOAD ./CMSIS/GCC/_syscalls.o
LOAD ./CMSIS/GCC/startup_M480.o
LOAD ./CMSIS/system_M480.o
START GROUP
LOAD /home/hugo/local/Toolchain/GNU Tools ARM Embedded/gcc-arm-none-eabi-6-2017-q1-update/bin/../lib/gcc/arm-none-eabi/6.3.1/thumb/v7e-m/fpv4-sp/hard/libgcc.a
LOAD /home/hugo/local/Toolchain/GNU Tools ARM Embedded/gcc-arm-none-eabi-6-2017-q1-update/bin/../lib/gcc/arm-none-eabi/6.3.1/../../../../arm-none-eabi/lib/thumb/v7e-m/fpv4-sp/hard/libg_nano.a
LOAD /home/hugo/local/Toolchain/GNU Tools ARM Embedded/gcc-arm-none-eabi-6-2017-q1-update/bin/../lib/gcc/arm-none-eabi/6.3.1/../../../../arm-none-eabi/lib/thumb/v7e-m/fpv4-sp/hard/libc_nano.a
END GROUP
START GROUP
LOAD /home/hugo/local/Toolchain/GNU Tools ARM Embedded/gcc-arm-none-eabi-6-2017-q1-update/bin/../lib/gcc/arm-none-eabi/6.3.1/thumb/v7e-m/fpv4-sp/hard/libgcc.a
LOAD /home/hugo/local/Toolchain/GNU Tools ARM Embedded/gcc-arm-none-eabi-6-2017-q1-update/bin/../lib/gcc/arm-none-eabi/6.3.1/../../../../arm-none-eabi/lib/thumb/v7e-m/fpv4-sp/hard/libc_nano.a
END GROUP
LOAD /home/hugo/local/Toolchain/GNU Tools ARM Embedded/gcc-arm-none-eabi-6-2017-q1-update/bin/../lib/gcc/arm-none-eabi/6.3.1/thumb/v7e-m/fpv4-sp/hard/crtend.o
LOAD /home/hugo/local/Toolchain/GNU Tools ARM Embedded/gcc-arm-none-eabi-6-2017-q1-update/bin/../lib/gcc/arm-none-eabi/6.3.1/thumb/v7e-m/fpv4-sp/hard/crtn.o
START GROUP
LOAD /home/hugo/local/Toolchain/GNU Tools ARM Embedded/gcc-arm-none-eabi-6-2017-q1-update/bin/../lib/gcc/arm-none-eabi/6.3.1/thumb/v7e-m/fpv4-sp/hard/libgcc.a
LOAD /home/hugo/local/Toolchain/GNU Tools ARM Embedded/gcc-arm-none-eabi-6-2017-q1-update/bin/../lib/gcc/arm-none-eabi/6.3.1/../../../../arm-none-eabi/lib/thumb/v7e-m/fpv4-sp/hard/libc.a
LOAD /home/hugo/local/Toolchain/GNU Tools ARM Embedded/gcc-arm-none-eabi-6-2017-q1-update/bin/../lib/gcc/arm-none-eabi/6.3.1/../../../../arm-none-eabi/lib/thumb/v7e-m/fpv4-sp/hard/libm.a
LOAD /home/hugo/local/Toolchain/GNU Tools ARM Embedded/gcc-arm-none-eabi-6-2017-q1-update/bin/../lib/gcc/arm-none-eabi/6.3.1/../../../../arm-none-eabi/lib/thumb/v7e-m/fpv4-sp/hard/libnosys.a
END GROUP

.text           0x0000000000000000     0x1d14
 *(.vectors)
 .vectors       0x0000000000000000      0x1f4 ./CMSIS/GCC/startup_M480.o
                0x0000000000000000                __Vectors
                0x00000000000001f4                __Vectors_End = .
                0x00000000000001f4                __Vectors_Size = (__Vectors_End - __Vectors)
                0x00000000000001f4                __end__ = .
 *(.text*)
 .text          0x00000000000001f4       0x6c /home/hugo/local/Toolchain/GNU Tools ARM Embedded/gcc-arm-none-eabi-6-2017-q1-update/bin/../lib/gcc/arm-none-eabi/6.3.1/thumb/v7e-m/fpv4-sp/hard/crtbegin.o
 .text          0x0000000000000260       0x74 /home/hugo/local/Toolchain/GNU Tools ARM Embedded/gcc-arm-none-eabi-6-2017-q1-update/bin/../lib/gcc/arm-none-eabi/6.3.1/../../../../arm-none-eabi/lib/thumb/v7e-m/fpv4-sp/hard/crt0.o
                0x0000000000000260                _mainCRTStartup
                0x0000000000000260                _start
 .text.SYS_Init
                0x00000000000002d4       0xe4 ./User/main.o
                0x00000000000002d4                SYS_Init
 .text.SysTick_Handler
                0x00000000000003b8       0x10 ./User/main.o
                0x00000000000003b8                SysTick_Handler
 .text.main     0x00000000000003c8       0x4c ./User/main.o
                0x00000000000003c8                main
 .text.delay_ms
                0x0000000000000414       0x14 ./User/sys.o
                0x0000000000000414                delay_ms
 .text.CLK_SetModuleClock
                0x0000000000000428       0xb4 ./Library/StdDriver/src/clk.o
                0x0000000000000428                CLK_SetModuleClock
 .text.CLK_EnableXtalRC
                0x00000000000004dc       0x10 ./Library/StdDriver/src/clk.o
                0x00000000000004dc                CLK_EnableXtalRC
 .text.CLK_EnableModuleClock
                0x00000000000004ec       0x1c ./Library/StdDriver/src/clk.o
                0x00000000000004ec                CLK_EnableModuleClock
 .text.CLK_DisablePLL
                0x0000000000000508       0x10 ./Library/StdDriver/src/clk.o
                0x0000000000000508                CLK_DisablePLL
 .text.CLK_WaitClockReady
                0x0000000000000518       0x38 ./Library/StdDriver/src/clk.o
                0x0000000000000518                CLK_WaitClockReady
 .text.CLK_SetHCLK
                0x0000000000000550       0x4c ./Library/StdDriver/src/clk.o
                0x0000000000000550                CLK_SetHCLK
 .text.CLK_GetPLLClockFreq
                0x000000000000059c       0x5c ./Library/StdDriver/src/clk.o
                0x000000000000059c                CLK_GetPLLClockFreq
 .text.CLK_EnablePLL
                0x00000000000005f8      0x15c ./Library/StdDriver/src/clk.o
                0x00000000000005f8                CLK_EnablePLL
 .text.CLK_SetCoreClock
                0x0000000000000754       0x7c ./Library/StdDriver/src/clk.o
                0x0000000000000754                CLK_SetCoreClock
 .text.GPIO_SetMode
                0x00000000000007d0       0x34 ./Library/StdDriver/src/gpio.o
                0x00000000000007d0                GPIO_SetMode
 .text.stackDump
                0x0000000000000804       0x68 ./Library/StdDriver/src/retarget.o
 .text.Hard_Fault_Handler
                0x000000000000086c       0x18 ./Library/StdDriver/src/retarget.o
                0x000000000000086c                Hard_Fault_Handler
 .text.HardFault_Handler
                0x0000000000000884       0x24 ./Library/StdDriver/src/retarget.o
                0x0000000000000884                HardFault_Handler
 .text._write   0x00000000000008a8       0x44 ./Library/StdDriver/src/retarget.o
                0x00000000000008a8                _write
 .text._read    0x00000000000008ec       0x18 ./Library/StdDriver/src/retarget.o
                0x00000000000008ec                _read
 .text.UART_Open
                0x0000000000000904      0x11c ./Library/StdDriver/src/uart.o
                0x0000000000000904                UART_Open
 .text._close   0x0000000000000a20       0x10 ./CMSIS/GCC/_syscalls.o
                0x0000000000000a20                _close
 .text._fstat   0x0000000000000a30       0x10 ./CMSIS/GCC/_syscalls.o
                0x0000000000000a30                _fstat
 .text._isatty  0x0000000000000a40        0xe ./CMSIS/GCC/_syscalls.o
                0x0000000000000a40                _isatty
 .text._lseek   0x0000000000000a4e       0x10 ./CMSIS/GCC/_syscalls.o
                0x0000000000000a4e                _lseek
 *fill*         0x0000000000000a5e        0x2 
 .text          0x0000000000000a60       0x68 ./CMSIS/GCC/startup_M480.o
                0x0000000000000a60                Reset_Handler
                0x0000000000000ac4                EPWM0P2_IRQHandler
                0x0000000000000ac4                BRAKE0_IRQHandler
                0x0000000000000ac4                SC2_IRQHandler
                0x0000000000000ac4                DebugMon_Handler
                0x0000000000000ac4                EPWM1P2_IRQHandler
                0x0000000000000ac4                ACMP01_IRQHandler
                0x0000000000000ac4                I2C0_IRQHandler
                0x0000000000000ac4                EMAC_RX_IRQHandler
                0x0000000000000ac4                SC0_IRQHandler
                0x0000000000000ac4                USCI0_IRQHandler
                0x0000000000000ac4                EADC13_IRQHandler
                0x0000000000000ac4                PendSV_Handler
                0x0000000000000ac4                NMI_Handler
                0x0000000000000ac4                I2C1_IRQHandler
                0x0000000000000ac4                EINT2_IRQHandler
                0x0000000000000ac4                UART1_IRQHandler
                0x0000000000000ac4                CAN1_IRQHandler
                0x0000000000000ac4                EINT3_IRQHandler
                0x0000000000000ac4                EADC01_IRQHandler
                0x0000000000000ac4                I2S0_IRQHandler
                0x0000000000000ac4                EINT6_IRQHandler
                0x0000000000000ac4                EPWM1P1_IRQHandler
                0x0000000000000ac4                UART0_IRQHandler
                0x0000000000000ac4                BRAKE1_IRQHandler
                0x0000000000000ac4                GPE_IRQHandler
                0x0000000000000ac4                EPWM1P0_IRQHandler
                0x0000000000000ac4                EADC03_IRQHandler
                0x0000000000000ac4                SDH1_IRQHandler
                0x0000000000000ac4                USBD_IRQHandler
                0x0000000000000ac4                EADC12_IRQHandler
                0x0000000000000ac4                UsageFault_Handler
                0x0000000000000ac4                EADC10_IRQHandler
                0x0000000000000ac4                GPB_IRQHandler
                0x0000000000000ac4                SPI1_IRQHandler
                0x0000000000000ac4                TAMPER_IRQHandler
                0x0000000000000ac4                TMR0_IRQHandler
                0x0000000000000ac4                USCI1_IRQHandler
                0x0000000000000ac4                SDH0_IRQHandler
                0x0000000000000ac4                QSPI0_IRQHandler
                0x0000000000000ac4                EPWM0P1_IRQHandler
                0x0000000000000ac4                GPA_IRQHandler
                0x0000000000000ac4                IRC_IRQHandler
                0x0000000000000ac4                I2C2_IRQHandler
                0x0000000000000ac4                EINT7_IRQHandler
                0x0000000000000ac4                EADC02_IRQHandler
                0x0000000000000ac4                RTC_IRQHandler
                0x0000000000000ac4                PWRWU_IRQHandler
                0x0000000000000ac4                UART5_IRQHandler
                0x0000000000000ac4                BPWM1_IRQHandler
                0x0000000000000ac4                EINT1_IRQHandler
                0x0000000000000ac4                EADC11_IRQHandler
                0x0000000000000ac4                UART2_IRQHandler
                0x0000000000000ac4                EHCI_IRQHandler
                0x0000000000000ac4                GPH_IRQHandler
                0x0000000000000ac4                UART4_IRQHandler
                0x0000000000000ac4                GPC_IRQHandler
                0x0000000000000ac4                OHCI_IRQHandler
                0x0000000000000ac4                Default_Handler
                0x0000000000000ac4                QSPI1_IRQHandler
                0x0000000000000ac4                CKFAIL_IRQHandler
                0x0000000000000ac4                USBOTG20_IRQHandler
                0x0000000000000ac4                QEI1_IRQHandler
                0x0000000000000ac4                TMR2_IRQHandler
                0x0000000000000ac4                SPIM_IRQHandler
                0x0000000000000ac4                ECAP0_IRQHandler
                0x0000000000000ac4                QEI0_IRQHandler
                0x0000000000000ac4                BPWM0_IRQHandler
                0x0000000000000ac4                BOD_IRQHandler
                0x0000000000000ac4                SPI2_IRQHandler
                0x0000000000000ac4                MemManage_Handler
                0x0000000000000ac4                WDT_IRQHandler
                0x0000000000000ac4                SVC_Handler
                0x0000000000000ac4                USBOTG_IRQHandler
                0x0000000000000ac4                OPA0_IRQHandler
                0x0000000000000ac4                EINT4_IRQHandler
                0x0000000000000ac4                USBD20_IRQHandler
                0x0000000000000ac4                PDMA_IRQHandler
                0x0000000000000ac4                SC1_IRQHandler
                0x0000000000000ac4                RAMPE_IRQHandler
                0x0000000000000ac4                EPWM0P0_IRQHandler
                0x0000000000000ac4                EINT0_IRQHandler
                0x0000000000000ac4                EINT5_IRQHandler
                0x0000000000000ac4                CRYPTO_IRQHandler
                0x0000000000000ac4                GPG_IRQHandler
                0x0000000000000ac4                CAN0_IRQHandler
                0x0000000000000ac4                TMR3_IRQHandler
                0x0000000000000ac4                DAC_IRQHandler
                0x0000000000000ac4                EMAC_TX_IRQHandler
                0x0000000000000ac4                SPI0_IRQHandler
                0x0000000000000ac4                GPD_IRQHandler
                0x0000000000000ac4                UART7_IRQHandler
                0x0000000000000ac4                UART6_IRQHandler
                0x0000000000000ac4                CCAP_IRQHandler
                0x0000000000000ac4                ECAP1_IRQHandler
                0x0000000000000ac4                CAN2_IRQHandler
                0x0000000000000ac4                GPF_IRQHandler
                0x0000000000000ac4                BusFault_Handler
                0x0000000000000ac4                SPI3_IRQHandler
                0x0000000000000ac4                UART3_IRQHandler
                0x0000000000000ac4                TMR1_IRQHandler
                0x0000000000000ac4                TRNG_IRQHandler
                0x0000000000000ac4                WWDT_IRQHandler
                0x0000000000000ac4                EADC00_IRQHandler
 .text.SystemCoreClockUpdate
                0x0000000000000ac8       0x5c ./CMSIS/system_M480.o
                0x0000000000000ac8                SystemCoreClockUpdate
 .text.SystemInit
                0x0000000000000b24       0x74 ./CMSIS/system_M480.o
                0x0000000000000b24                SystemInit
 .text.__errno  0x0000000000000b98        0xc /home/hugo/local/Toolchain/GNU Tools ARM Embedded/gcc-arm-none-eabi-6-2017-q1-update/bin/../lib/gcc/arm-none-eabi/6.3.1/../../../../arm-none-eabi/lib/thumb/v7e-m/fpv4-sp/hard/libg_nano.a(lib_a-errno.o)
                0x0000000000000b98                __errno
 .text.exit     0x0000000000000ba4       0x28 /home/hugo/local/Toolchain/GNU Tools ARM Embedded/gcc-arm-none-eabi-6-2017-q1-update/bin/../lib/gcc/arm-none-eabi/6.3.1/../../../../arm-none-eabi/lib/thumb/v7e-m/fpv4-sp/hard/libg_nano.a(lib_a-exit.o)
                0x0000000000000ba4                exit
 .text.__libc_init_array
                0x0000000000000bcc       0x48 /home/hugo/local/Toolchain/GNU Tools ARM Embedded/gcc-arm-none-eabi-6-2017-q1-update/bin/../lib/gcc/arm-none-eabi/6.3.1/../../../../arm-none-eabi/lib/thumb/v7e-m/fpv4-sp/hard/libg_nano.a(lib_a-init.o)
                0x0000000000000bcc                __libc_init_array
 .text.memset   0x0000000000000c14       0x10 /home/hugo/local/Toolchain/GNU Tools ARM Embedded/gcc-arm-none-eabi-6-2017-q1-update/bin/../lib/gcc/arm-none-eabi/6.3.1/../../../../arm-none-eabi/lib/thumb/v7e-m/fpv4-sp/hard/libg_nano.a(lib_a-memset.o)
                0x0000000000000c14                memset
 .text.printf   0x0000000000000c24       0x30 /home/hugo/local/Toolchain/GNU Tools ARM Embedded/gcc-arm-none-eabi-6-2017-q1-update/bin/../lib/gcc/arm-none-eabi/6.3.1/../../../../arm-none-eabi/lib/thumb/v7e-m/fpv4-sp/hard/libg_nano.a(lib_a-printf.o)
                0x0000000000000c24                printf
                0x0000000000000c24                iprintf
 .text._puts_r  0x0000000000000c54       0xb8 /home/hugo/local/Toolchain/GNU Tools ARM Embedded/gcc-arm-none-eabi-6-2017-q1-update/bin/../lib/gcc/arm-none-eabi/6.3.1/../../../../arm-none-eabi/lib/thumb/v7e-m/fpv4-sp/hard/libg_nano.a(lib_a-puts.o)
                0x0000000000000c54                _puts_r
 .text.puts     0x0000000000000d0c       0x10 /home/hugo/local/Toolchain/GNU Tools ARM Embedded/gcc-arm-none-eabi-6-2017-q1-update/bin/../lib/gcc/arm-none-eabi/6.3.1/../../../../arm-none-eabi/lib/thumb/v7e-m/fpv4-sp/hard/libg_nano.a(lib_a-puts.o)
                0x0000000000000d0c                puts
 .text.__swbuf_r
                0x0000000000000d1c       0xa4 /home/hugo/local/Toolchain/GNU Tools ARM Embedded/gcc-arm-none-eabi-6-2017-q1-update/bin/../lib/gcc/arm-none-eabi/6.3.1/../../../../arm-none-eabi/lib/thumb/v7e-m/fpv4-sp/hard/libg_nano.a(lib_a-wbuf.o)
                0x0000000000000d1c                __swbuf_r
 .text.__swsetup_r
                0x0000000000000dc0       0xdc /home/hugo/local/Toolchain/GNU Tools ARM Embedded/gcc-arm-none-eabi-6-2017-q1-update/bin/../lib/gcc/arm-none-eabi/6.3.1/../../../../arm-none-eabi/lib/thumb/v7e-m/fpv4-sp/hard/libg_nano.a(lib_a-wsetup.o)
                0x0000000000000dc0                __swsetup_r
 .text.__sflush_r
                0x0000000000000e9c      0x110 /home/hugo/local/Toolchain/GNU Tools ARM Embedded/gcc-arm-none-eabi-6-2017-q1-update/bin/../lib/gcc/arm-none-eabi/6.3.1/../../../../arm-none-eabi/lib/thumb/v7e-m/fpv4-sp/hard/libg_nano.a(lib_a-fflush.o)
                0x0000000000000e9c                __sflush_r
 .text._fflush_r
                0x0000000000000fac       0x54 /home/hugo/local/Toolchain/GNU Tools ARM Embedded/gcc-arm-none-eabi-6-2017-q1-update/bin/../lib/gcc/arm-none-eabi/6.3.1/../../../../arm-none-eabi/lib/thumb/v7e-m/fpv4-sp/hard/libg_nano.a(lib_a-fflush.o)
                0x0000000000000fac                _fflush_r
 .text._cleanup_r
                0x0000000000001000        0xc /home/hugo/local/Toolchain/GNU Tools ARM Embedded/gcc-arm-none-eabi-6-2017-q1-update/bin/../lib/gcc/arm-none-eabi/6.3.1/../../../../arm-none-eabi/lib/thumb/v7e-m/fpv4-sp/hard/libg_nano.a(lib_a-findfp.o)
                0x0000000000001000                _cleanup_r
 .text.std.isra.0
                0x000000000000100c       0x48 /home/hugo/local/Toolchain/GNU Tools ARM Embedded/gcc-arm-none-eabi-6-2017-q1-update/bin/../lib/gcc/arm-none-eabi/6.3.1/../../../../arm-none-eabi/lib/thumb/v7e-m/fpv4-sp/hard/libg_nano.a(lib_a-findfp.o)
 .text.__sfmoreglue
                0x0000000000001054       0x2c /home/hugo/local/Toolchain/GNU Tools ARM Embedded/gcc-arm-none-eabi-6-2017-q1-update/bin/../lib/gcc/arm-none-eabi/6.3.1/../../../../arm-none-eabi/lib/thumb/v7e-m/fpv4-sp/hard/libg_nano.a(lib_a-findfp.o)
                0x0000000000001054                __sfmoreglue
 .text.__sinit  0x0000000000001080       0x60 /home/hugo/local/Toolchain/GNU Tools ARM Embedded/gcc-arm-none-eabi-6-2017-q1-update/bin/../lib/gcc/arm-none-eabi/6.3.1/../../../../arm-none-eabi/lib/thumb/v7e-m/fpv4-sp/hard/libg_nano.a(lib_a-findfp.o)
                0x0000000000001080                __sinit
 .text.__sfp    0x00000000000010e0       0x78 /home/hugo/local/Toolchain/GNU Tools ARM Embedded/gcc-arm-none-eabi-6-2017-q1-update/bin/../lib/gcc/arm-none-eabi/6.3.1/../../../../arm-none-eabi/lib/thumb/v7e-m/fpv4-sp/hard/libg_nano.a(lib_a-findfp.o)
                0x00000000000010e0                __sfp
 .text._fwalk_reent
                0x0000000000001158       0x3c /home/hugo/local/Toolchain/GNU Tools ARM Embedded/gcc-arm-none-eabi-6-2017-q1-update/bin/../lib/gcc/arm-none-eabi/6.3.1/../../../../arm-none-eabi/lib/thumb/v7e-m/fpv4-sp/hard/libg_nano.a(lib_a-fwalk.o)
                0x0000000000001158                _fwalk_reent
 .text.__swhatbuf_r
                0x0000000000001194       0x48 /home/hugo/local/Toolchain/GNU Tools ARM Embedded/gcc-arm-none-eabi-6-2017-q1-update/bin/../lib/gcc/arm-none-eabi/6.3.1/../../../../arm-none-eabi/lib/thumb/v7e-m/fpv4-sp/hard/libg_nano.a(lib_a-makebuf.o)
                0x0000000000001194                __swhatbuf_r
 .text.__smakebuf_r
                0x00000000000011dc       0x80 /home/hugo/local/Toolchain/GNU Tools ARM Embedded/gcc-arm-none-eabi-6-2017-q1-update/bin/../lib/gcc/arm-none-eabi/6.3.1/../../../../arm-none-eabi/lib/thumb/v7e-m/fpv4-sp/hard/libg_nano.a(lib_a-makebuf.o)
                0x00000000000011dc                __smakebuf_r
 .text._free_r  0x000000000000125c       0x9c /home/hugo/local/Toolchain/GNU Tools ARM Embedded/gcc-arm-none-eabi-6-2017-q1-update/bin/../lib/gcc/arm-none-eabi/6.3.1/../../../../arm-none-eabi/lib/thumb/v7e-m/fpv4-sp/hard/libg_nano.a(lib_a-nano-freer.o)
                0x000000000000125c                _free_r
 .text._malloc_r
                0x00000000000012f8       0xbc /home/hugo/local/Toolchain/GNU Tools ARM Embedded/gcc-arm-none-eabi-6-2017-q1-update/bin/../lib/gcc/arm-none-eabi/6.3.1/../../../../arm-none-eabi/lib/thumb/v7e-m/fpv4-sp/hard/libg_nano.a(lib_a-nano-mallocr.o)
                0x00000000000012f8                _malloc_r
 .text.__sfputc_r
                0x00000000000013b4       0x30 /home/hugo/local/Toolchain/GNU Tools ARM Embedded/gcc-arm-none-eabi-6-2017-q1-update/bin/../lib/gcc/arm-none-eabi/6.3.1/../../../../arm-none-eabi/lib/thumb/v7e-m/fpv4-sp/hard/libg_nano.a(lib_a-nano-vfprintf.o)
 .text.__sfputs_r
                0x00000000000013e4       0x24 /home/hugo/local/Toolchain/GNU Tools ARM Embedded/gcc-arm-none-eabi-6-2017-q1-update/bin/../lib/gcc/arm-none-eabi/6.3.1/../../../../arm-none-eabi/lib/thumb/v7e-m/fpv4-sp/hard/libg_nano.a(lib_a-nano-vfprintf.o)
                0x00000000000013e4                __sfputs_r
 .text._vfprintf_r
                0x0000000000001408      0x22c /home/hugo/local/Toolchain/GNU Tools ARM Embedded/gcc-arm-none-eabi-6-2017-q1-update/bin/../lib/gcc/arm-none-eabi/6.3.1/../../../../arm-none-eabi/lib/thumb/v7e-m/fpv4-sp/hard/libg_nano.a(lib_a-nano-vfprintf.o)
                0x0000000000001408                _vfiprintf_r
                0x0000000000001408                _vfprintf_r
 .text._printf_common
                0x0000000000001634       0xec /home/hugo/local/Toolchain/GNU Tools ARM Embedded/gcc-arm-none-eabi-6-2017-q1-update/bin/../lib/gcc/arm-none-eabi/6.3.1/../../../../arm-none-eabi/lib/thumb/v7e-m/fpv4-sp/hard/libg_nano.a(lib_a-nano-vfprintf_i.o)
                0x0000000000001634                _printf_common
 .text._printf_i
                0x0000000000001720      0x240 /home/hugo/local/Toolchain/GNU Tools ARM Embedded/gcc-arm-none-eabi-6-2017-q1-update/bin/../lib/gcc/arm-none-eabi/6.3.1/../../../../arm-none-eabi/lib/thumb/v7e-m/fpv4-sp/hard/libg_nano.a(lib_a-nano-vfprintf_i.o)
                0x0000000000001720                _printf_i
 .text._sbrk_r  0x0000000000001960       0x20 /home/hugo/local/Toolchain/GNU Tools ARM Embedded/gcc-arm-none-eabi-6-2017-q1-update/bin/../lib/gcc/arm-none-eabi/6.3.1/../../../../arm-none-eabi/lib/thumb/v7e-m/fpv4-sp/hard/libg_nano.a(lib_a-sbrkr.o)
                0x0000000000001960                _sbrk_r
 .text.__sread  0x0000000000001980       0x22 /home/hugo/local/Toolchain/GNU Tools ARM Embedded/gcc-arm-none-eabi-6-2017-q1-update/bin/../lib/gcc/arm-none-eabi/6.3.1/../../../../arm-none-eabi/lib/thumb/v7e-m/fpv4-sp/hard/libg_nano.a(lib_a-stdio.o)
                0x0000000000001980                __sread
 .text.__swrite
                0x00000000000019a2       0x38 /home/hugo/local/Toolchain/GNU Tools ARM Embedded/gcc-arm-none-eabi-6-2017-q1-update/bin/../lib/gcc/arm-none-eabi/6.3.1/../../../../arm-none-eabi/lib/thumb/v7e-m/fpv4-sp/hard/libg_nano.a(lib_a-stdio.o)
                0x00000000000019a2                __swrite
 .text.__sseek  0x00000000000019da       0x24 /home/hugo/local/Toolchain/GNU Tools ARM Embedded/gcc-arm-none-eabi-6-2017-q1-update/bin/../lib/gcc/arm-none-eabi/6.3.1/../../../../arm-none-eabi/lib/thumb/v7e-m/fpv4-sp/hard/libg_nano.a(lib_a-stdio.o)
                0x00000000000019da                __sseek
 .text.__sclose
                0x00000000000019fe        0x8 /home/hugo/local/Toolchain/GNU Tools ARM Embedded/gcc-arm-none-eabi-6-2017-q1-update/bin/../lib/gcc/arm-none-eabi/6.3.1/../../../../arm-none-eabi/lib/thumb/v7e-m/fpv4-sp/hard/libg_nano.a(lib_a-stdio.o)
                0x00000000000019fe                __sclose
 *fill*         0x0000000000001a06        0x2 
 .text._write_r
                0x0000000000001a08       0x24 /home/hugo/local/Toolchain/GNU Tools ARM Embedded/gcc-arm-none-eabi-6-2017-q1-update/bin/../lib/gcc/arm-none-eabi/6.3.1/../../../../arm-none-eabi/lib/thumb/v7e-m/fpv4-sp/hard/libg_nano.a(lib_a-writer.o)
                0x0000000000001a08                _write_r
 .text._close_r
                0x0000000000001a2c       0x20 /home/hugo/local/Toolchain/GNU Tools ARM Embedded/gcc-arm-none-eabi-6-2017-q1-update/bin/../lib/gcc/arm-none-eabi/6.3.1/../../../../arm-none-eabi/lib/thumb/v7e-m/fpv4-sp/hard/libg_nano.a(lib_a-closer.o)
                0x0000000000001a2c                _close_r
 .text._fstat_r
                0x0000000000001a4c       0x24 /home/hugo/local/Toolchain/GNU Tools ARM Embedded/gcc-arm-none-eabi-6-2017-q1-update/bin/../lib/gcc/arm-none-eabi/6.3.1/../../../../arm-none-eabi/lib/thumb/v7e-m/fpv4-sp/hard/libg_nano.a(lib_a-fstatr.o)
                0x0000000000001a4c                _fstat_r
 .text._isatty_r
                0x0000000000001a70       0x20 /home/hugo/local/Toolchain/GNU Tools ARM Embedded/gcc-arm-none-eabi-6-2017-q1-update/bin/../lib/gcc/arm-none-eabi/6.3.1/../../../../arm-none-eabi/lib/thumb/v7e-m/fpv4-sp/hard/libg_nano.a(lib_a-isattyr.o)
                0x0000000000001a70                _isatty_r
 .text._lseek_r
                0x0000000000001a90       0x24 /home/hugo/local/Toolchain/GNU Tools ARM Embedded/gcc-arm-none-eabi-6-2017-q1-update/bin/../lib/gcc/arm-none-eabi/6.3.1/../../../../arm-none-eabi/lib/thumb/v7e-m/fpv4-sp/hard/libg_nano.a(lib_a-lseekr.o)
                0x0000000000001a90                _lseek_r
 *fill*         0x0000000000001ab4        0xc 
 .text          0x0000000000001ac0       0xa0 /home/hugo/local/Toolchain/GNU Tools ARM Embedded/gcc-arm-none-eabi-6-2017-q1-update/bin/../lib/gcc/arm-none-eabi/6.3.1/../../../../arm-none-eabi/lib/thumb/v7e-m/fpv4-sp/hard/libg_nano.a(lib_a-memchr.o)
                0x0000000000001ac0                memchr
 .text.__malloc_lock
                0x0000000000001b60        0x2 /home/hugo/local/Toolchain/GNU Tools ARM Embedded/gcc-arm-none-eabi-6-2017-q1-update/bin/../lib/gcc/arm-none-eabi/6.3.1/../../../../arm-none-eabi/lib/thumb/v7e-m/fpv4-sp/hard/libg_nano.a(lib_a-mlock.o)
                0x0000000000001b60                __malloc_lock
 .text.__malloc_unlock
                0x0000000000001b62        0x2 /home/hugo/local/Toolchain/GNU Tools ARM Embedded/gcc-arm-none-eabi-6-2017-q1-update/bin/../lib/gcc/arm-none-eabi/6.3.1/../../../../arm-none-eabi/lib/thumb/v7e-m/fpv4-sp/hard/libg_nano.a(lib_a-mlock.o)
                0x0000000000001b62                __malloc_unlock
 .text._read_r  0x0000000000001b64       0x24 /home/hugo/local/Toolchain/GNU Tools ARM Embedded/gcc-arm-none-eabi-6-2017-q1-update/bin/../lib/gcc/arm-none-eabi/6.3.1/../../../../arm-none-eabi/lib/thumb/v7e-m/fpv4-sp/hard/libg_nano.a(lib_a-readr.o)
                0x0000000000001b64                _read_r
 .text._sbrk    0x0000000000001b88       0x1c /home/hugo/local/Toolchain/GNU Tools ARM Embedded/gcc-arm-none-eabi-6-2017-q1-update/bin/../lib/gcc/arm-none-eabi/6.3.1/../../../../arm-none-eabi/lib/thumb/v7e-m/fpv4-sp/hard/libnosys.a(sbrk.o)
                0x0000000000001b88                _sbrk
 .text._exit    0x0000000000001ba4        0x4 /home/hugo/local/Toolchain/GNU Tools ARM Embedded/gcc-arm-none-eabi-6-2017-q1-update/bin/../lib/gcc/arm-none-eabi/6.3.1/../../../../arm-none-eabi/lib/thumb/v7e-m/fpv4-sp/hard/libnosys.a(_exit.o)
                0x0000000000001ba4                _exit
 *(.init)
 .init          0x0000000000001ba8        0x4 /home/hugo/local/Toolchain/GNU Tools ARM Embedded/gcc-arm-none-eabi-6-2017-q1-update/bin/../lib/gcc/arm-none-eabi/6.3.1/thumb/v7e-m/fpv4-sp/hard/crti.o
                0x0000000000001ba8                _init
 .init          0x0000000000001bac        0x8 /home/hugo/local/Toolchain/GNU Tools ARM Embedded/gcc-arm-none-eabi-6-2017-q1-update/bin/../lib/gcc/arm-none-eabi/6.3.1/thumb/v7e-m/fpv4-sp/hard/crtn.o
 *(.fini)
 .fini          0x0000000000001bb4        0x4 /home/hugo/local/Toolchain/GNU Tools ARM Embedded/gcc-arm-none-eabi-6-2017-q1-update/bin/../lib/gcc/arm-none-eabi/6.3.1/thumb/v7e-m/fpv4-sp/hard/crti.o
                0x0000000000001bb4                _fini
 .fini          0x0000000000001bb8        0x8 /home/hugo/local/Toolchain/GNU Tools ARM Embedded/gcc-arm-none-eabi-6-2017-q1-update/bin/../lib/gcc/arm-none-eabi/6.3.1/thumb/v7e-m/fpv4-sp/hard/crtn.o
 *crtbegin.o(.ctors)
 *crtbegin?.o(.ctors)
 *(EXCLUDE_FILE(*crtend.o *crtend?.o) .ctors)
 *(SORT(.ctors.*))
 *(.ctors)
 *crtbegin.o(.dtors)
 *crtbegin?.o(.dtors)
 *(EXCLUDE_FILE(*crtend.o *crtend?.o) .dtors)
 *(SORT(.dtors.*))
 *(.dtors)
 *(.rodata*)
 .rodata.main.str1.4
                0x0000000000001bc0        0xc ./User/main.o
 .rodata        0x0000000000001bcc       0x24 ./Library/StdDriver/src/clk.o
 .rodata.Hard_Fault_Handler.str1.4
                0x0000000000001bf0       0x16 ./Library/StdDriver/src/retarget.o
 *fill*         0x0000000000001c06        0x2 
 .rodata.stackDump.str1.4
                0x0000000000001c08       0x60 ./Library/StdDriver/src/retarget.o
 .rodata        0x0000000000001c68       0x10 ./Library/StdDriver/src/uart.o
 .rodata._global_impure_ptr
                0x0000000000001c78        0x4 /home/hugo/local/Toolchain/GNU Tools ARM Embedded/gcc-arm-none-eabi-6-2017-q1-update/bin/../lib/gcc/arm-none-eabi/6.3.1/../../../../arm-none-eabi/lib/thumb/v7e-m/fpv4-sp/hard/libg_nano.a(lib_a-impure.o)
                0x0000000000001c78                _global_impure_ptr
 .rodata.__sf_fake_stderr
                0x0000000000001c7c       0x20 /home/hugo/local/Toolchain/GNU Tools ARM Embedded/gcc-arm-none-eabi-6-2017-q1-update/bin/../lib/gcc/arm-none-eabi/6.3.1/../../../../arm-none-eabi/lib/thumb/v7e-m/fpv4-sp/hard/libg_nano.a(lib_a-findfp.o)
                0x0000000000001c7c                __sf_fake_stderr
 .rodata.__sf_fake_stdin
                0x0000000000001c9c       0x20 /home/hugo/local/Toolchain/GNU Tools ARM Embedded/gcc-arm-none-eabi-6-2017-q1-update/bin/../lib/gcc/arm-none-eabi/6.3.1/../../../../arm-none-eabi/lib/thumb/v7e-m/fpv4-sp/hard/libg_nano.a(lib_a-findfp.o)
                0x0000000000001c9c                __sf_fake_stdin
 .rodata.__sf_fake_stdout
                0x0000000000001cbc       0x20 /home/hugo/local/Toolchain/GNU Tools ARM Embedded/gcc-arm-none-eabi-6-2017-q1-update/bin/../lib/gcc/arm-none-eabi/6.3.1/../../../../arm-none-eabi/lib/thumb/v7e-m/fpv4-sp/hard/libg_nano.a(lib_a-findfp.o)
                0x0000000000001cbc                __sf_fake_stdout
 .rodata._vfprintf_r.str1.1
                0x0000000000001cdc       0x11 /home/hugo/local/Toolchain/GNU Tools ARM Embedded/gcc-arm-none-eabi-6-2017-q1-update/bin/../lib/gcc/arm-none-eabi/6.3.1/../../../../arm-none-eabi/lib/thumb/v7e-m/fpv4-sp/hard/libg_nano.a(lib_a-nano-vfprintf.o)
 .rodata._printf_i.str1.1
                0x0000000000001ced       0x22 /home/hugo/local/Toolchain/GNU Tools ARM Embedded/gcc-arm-none-eabi-6-2017-q1-update/bin/../lib/gcc/arm-none-eabi/6.3.1/../../../../arm-none-eabi/lib/thumb/v7e-m/fpv4-sp/hard/libg_nano.a(lib_a-nano-vfprintf_i.o)
 *(.eh_frame*)
 *fill*         0x0000000000001d0f        0x1 
 .eh_frame      0x0000000000001d10        0x0 /home/hugo/local/Toolchain/GNU Tools ARM Embedded/gcc-arm-none-eabi-6-2017-q1-update/bin/../lib/gcc/arm-none-eabi/6.3.1/thumb/v7e-m/fpv4-sp/hard/crtbegin.o
 .eh_frame      0x0000000000001d10        0x4 /home/hugo/local/Toolchain/GNU Tools ARM Embedded/gcc-arm-none-eabi-6-2017-q1-update/bin/../lib/gcc/arm-none-eabi/6.3.1/thumb/v7e-m/fpv4-sp/hard/crtend.o

.glue_7         0x0000000000001d14        0x0
 .glue_7        0x0000000000001d14        0x0 linker stubs

.glue_7t        0x0000000000001d14        0x0
 .glue_7t       0x0000000000001d14        0x0 linker stubs

.vfp11_veneer   0x0000000000001d14        0x0
 .vfp11_veneer  0x0000000000001d14        0x0 linker stubs

.v4_bx          0x0000000000001d14        0x0
 .v4_bx         0x0000000000001d14        0x0 linker stubs

.iplt           0x0000000000001d14        0x0
 .iplt          0x0000000000001d14        0x0 /home/hugo/local/Toolchain/GNU Tools ARM Embedded/gcc-arm-none-eabi-6-2017-q1-update/bin/../lib/gcc/arm-none-eabi/6.3.1/thumb/v7e-m/fpv4-sp/hard/crtbegin.o

.ARM.extab
 *(.ARM.extab* .gnu.linkonce.armextab.*)
                0x0000000000001d14                __exidx_start = .

.ARM.exidx      0x0000000000001d14        0x8
 *(.ARM.exidx* .gnu.linkonce.armexidx.*)
 .ARM.exidx     0x0000000000001d14        0x8 /home/hugo/local/Toolchain/GNU Tools ARM Embedded/gcc-arm-none-eabi-6-2017-q1-update/bin/../lib/gcc/arm-none-eabi/6.3.1/../../../../arm-none-eabi/lib/thumb/v7e-m/fpv4-sp/hard/crt0.o
                0x0000000000001d1c                __exidx_end = .
                0x0000000000001d1c                __etext = .

.rel.dyn        0x0000000000001d1c        0x0
 .rel.iplt      0x0000000000001d1c        0x0 /home/hugo/local/Toolchain/GNU Tools ARM Embedded/gcc-arm-none-eabi-6-2017-q1-update/bin/../lib/gcc/arm-none-eabi/6.3.1/thumb/v7e-m/fpv4-sp/hard/crtbegin.o

.data           0x0000000020000000       0x9c load address 0x0000000000001d1c
                0x0000000020000000                __data_start__ = .
 *(vtable)
 *(.data*)
 .data.CyclesPerUs
                0x0000000020000000        0x4 ./CMSIS/system_M480.o
                0x0000000020000000                CyclesPerUs
 .data.PllClock
                0x0000000020000004        0x4 ./CMSIS/system_M480.o
                0x0000000020000004                PllClock
 .data.SystemCoreClock
                0x0000000020000008        0x4 ./CMSIS/system_M480.o
                0x0000000020000008                SystemCoreClock
 .data.gau32ClkSrcTbl
                0x000000002000000c       0x20 ./CMSIS/system_M480.o
                0x000000002000000c                gau32ClkSrcTbl
 .data._impure_ptr
                0x000000002000002c        0x4 /home/hugo/local/Toolchain/GNU Tools ARM Embedded/gcc-arm-none-eabi-6-2017-q1-update/bin/../lib/gcc/arm-none-eabi/6.3.1/../../../../arm-none-eabi/lib/thumb/v7e-m/fpv4-sp/hard/libg_nano.a(lib_a-impure.o)
                0x000000002000002c                _impure_ptr
 .data.impure_data
                0x0000000020000030       0x60 /home/hugo/local/Toolchain/GNU Tools ARM Embedded/gcc-arm-none-eabi-6-2017-q1-update/bin/../lib/gcc/arm-none-eabi/6.3.1/../../../../arm-none-eabi/lib/thumb/v7e-m/fpv4-sp/hard/libg_nano.a(lib_a-impure.o)
                0x0000000020000090                . = ALIGN (0x4)
                0x0000000020000090                PROVIDE (__preinit_array_start, .)
 *(.preinit_array)
                0x0000000020000090                PROVIDE (__preinit_array_end, .)
                0x0000000020000090                . = ALIGN (0x4)
                0x0000000020000090                PROVIDE (__init_array_start, .)
 *(SORT(.init_array.*))
 *(.init_array)
 .init_array    0x0000000020000090        0x4 /home/hugo/local/Toolchain/GNU Tools ARM Embedded/gcc-arm-none-eabi-6-2017-q1-update/bin/../lib/gcc/arm-none-eabi/6.3.1/thumb/v7e-m/fpv4-sp/hard/crtbegin.o
                0x0000000020000094                PROVIDE (__init_array_end, .)
                0x0000000020000094                . = ALIGN (0x4)
                [!provide]                        PROVIDE (__fini_array_start, .)
 *(SORT(.fini_array.*))
 *(.fini_array)
 .fini_array    0x0000000020000094        0x4 /home/hugo/local/Toolchain/GNU Tools ARM Embedded/gcc-arm-none-eabi-6-2017-q1-update/bin/../lib/gcc/arm-none-eabi/6.3.1/thumb/v7e-m/fpv4-sp/hard/crtbegin.o
                [!provide]                        PROVIDE (__fini_array_end, .)
 *(.jcr*)
 .jcr           0x0000000020000098        0x0 /home/hugo/local/Toolchain/GNU Tools ARM Embedded/gcc-arm-none-eabi-6-2017-q1-update/bin/../lib/gcc/arm-none-eabi/6.3.1/thumb/v7e-m/fpv4-sp/hard/crtbegin.o
 .jcr           0x0000000020000098        0x4 /home/hugo/local/Toolchain/GNU Tools ARM Embedded/gcc-arm-none-eabi-6-2017-q1-update/bin/../lib/gcc/arm-none-eabi/6.3.1/thumb/v7e-m/fpv4-sp/hard/crtend.o
                0x000000002000009c                . = ALIGN (0x4)
                0x000000002000009c                __data_end__ = .

.igot.plt       0x000000002000009c        0x0 load address 0x0000000000001db8
 .igot.plt      0x000000002000009c        0x0 /home/hugo/local/Toolchain/GNU Tools ARM Embedded/gcc-arm-none-eabi-6-2017-q1-update/bin/../lib/gcc/arm-none-eabi/6.3.1/thumb/v7e-m/fpv4-sp/hard/crtbegin.o

.bss            0x000000002000009c       0x34 load address 0x0000000000001db8
                0x000000002000009c                . = ALIGN (0x4)
                0x000000002000009c                __bss_start__ = .
 *(.bss*)
 .bss           0x000000002000009c       0x1c /home/hugo/local/Toolchain/GNU Tools ARM Embedded/gcc-arm-none-eabi-6-2017-q1-update/bin/../lib/gcc/arm-none-eabi/6.3.1/thumb/v7e-m/fpv4-sp/hard/crtbegin.o
 .bss.g_SysTickIntCnt
                0x00000000200000b8        0x4 ./User/main.o
                0x00000000200000b8                g_SysTickIntCnt
 .bss.g_CLK_i32ErrCode
                0x00000000200000bc        0x4 ./Library/StdDriver/src/clk.o
                0x00000000200000bc                g_CLK_i32ErrCode
 .bss.__malloc_free_list
                0x00000000200000c0        0x4 /home/hugo/local/Toolchain/GNU Tools ARM Embedded/gcc-arm-none-eabi-6-2017-q1-update/bin/../lib/gcc/arm-none-eabi/6.3.1/../../../../arm-none-eabi/lib/thumb/v7e-m/fpv4-sp/hard/libg_nano.a(lib_a-nano-mallocr.o)
                0x00000000200000c0                __malloc_free_list
 .bss.__malloc_sbrk_start
                0x00000000200000c4        0x4 /home/hugo/local/Toolchain/GNU Tools ARM Embedded/gcc-arm-none-eabi-6-2017-q1-update/bin/../lib/gcc/arm-none-eabi/6.3.1/../../../../arm-none-eabi/lib/thumb/v7e-m/fpv4-sp/hard/libg_nano.a(lib_a-nano-mallocr.o)
                0x00000000200000c4                __malloc_sbrk_start
 .bss.heap_end.5239
                0x00000000200000c8        0x4 /home/hugo/local/Toolchain/GNU Tools ARM Embedded/gcc-arm-none-eabi-6-2017-q1-update/bin/../lib/gcc/arm-none-eabi/6.3.1/../../../../arm-none-eabi/lib/thumb/v7e-m/fpv4-sp/hard/libnosys.a(sbrk.o)
 *(COMMON)
 COMMON         0x00000000200000cc        0x4 ./CMSIS/GCC/_syscalls.o
                0x00000000200000cc                errno
                0x00000000200000d0                . = ALIGN (0x4)
                0x00000000200000d0                __bss_end__ = .

.heap           0x00000000200000d0      0x100
                0x00000000200000d0                __HeapBase = .
                0x00000000200000d0                __end__ = .
                0x00000000200000d0                end = __end__
 *(.heap*)
 .heap          0x00000000200000d0      0x100 ./CMSIS/GCC/startup_M480.o
                0x00000000200001d0                __HeapLimit = .

.stack_dummy    0x00000000200000d0      0x800
 *(.stack*)
 .stack         0x00000000200000d0      0x800 ./CMSIS/GCC/startup_M480.o
                0x0000000020020000                __StackTop = (ORIGIN (RAM) + LENGTH (RAM))
                0x000000002001f800                __StackLimit = (__StackTop - SIZEOF (.stack_dummy))
                0x0000000020020000                PROVIDE (__stack, __StackTop)
                0x0000000000000001                ASSERT ((__StackLimit >= __HeapLimit), region RAM overflowed with stack)
OUTPUT(M487-Blinky.elf elf32-littlearm)

.ARM.attributes
                0x0000000000000000       0x30
 .ARM.attributes
                0x0000000000000000       0x22 /home/hugo/local/Toolchain/GNU Tools ARM Embedded/gcc-arm-none-eabi-6-2017-q1-update/bin/../lib/gcc/arm-none-eabi/6.3.1/thumb/v7e-m/fpv4-sp/hard/crti.o
 .ARM.attributes
                0x0000000000000022       0x34 /home/hugo/local/Toolchain/GNU Tools ARM Embedded/gcc-arm-none-eabi-6-2017-q1-update/bin/../lib/gcc/arm-none-eabi/6.3.1/thumb/v7e-m/fpv4-sp/hard/crtbegin.o
 .ARM.attributes
                0x0000000000000056       0x20 /home/hugo/local/Toolchain/GNU Tools ARM Embedded/gcc-arm-none-eabi-6-2017-q1-update/bin/../lib/gcc/arm-none-eabi/6.3.1/../../../../arm-none-eabi/lib/thumb/v7e-m/fpv4-sp/hard/crt0.o
 .ARM.attributes
                0x0000000000000076       0x39 ./User/main.o
 .ARM.attributes
                0x00000000000000af       0x39 ./User/sys.o
 .ARM.attributes
                0x00000000000000e8       0x39 ./Library/StdDriver/src/clk.o
 .ARM.attributes
                0x0000000000000121       0x39 ./Library/StdDriver/src/gpio.o
 .ARM.attributes
                0x000000000000015a       0x39 ./Library/StdDriver/src/retarget.o
 .ARM.attributes
                0x0000000000000193       0x39 ./Library/StdDriver/src/uart.o
 .ARM.attributes
                0x00000000000001cc       0x39 ./CMSIS/GCC/_syscalls.o
 .ARM.attributes
                0x0000000000000205       0x1f ./CMSIS/GCC/startup_M480.o
 .ARM.attributes
                0x0000000000000224       0x39 ./CMSIS/system_M480.o
 .ARM.attributes
                0x000000000000025d       0x34 /home/hugo/local/Toolchain/GNU Tools ARM Embedded/gcc-arm-none-eabi-6-2017-q1-update/bin/../lib/gcc/arm-none-eabi/6.3.1/../../../../arm-none-eabi/lib/thumb/v7e-m/fpv4-sp/hard/libg_nano.a(lib_a-errno.o)
 .ARM.attributes
                0x0000000000000291       0x34 /home/hugo/local/Toolchain/GNU Tools ARM Embedded/gcc-arm-none-eabi-6-2017-q1-update/bin/../lib/gcc/arm-none-eabi/6.3.1/../../../../arm-none-eabi/lib/thumb/v7e-m/fpv4-sp/hard/libg_nano.a(lib_a-exit.o)
 .ARM.attributes
                0x00000000000002c5       0x34 /home/hugo/local/Toolchain/GNU Tools ARM Embedded/gcc-arm-none-eabi-6-2017-q1-update/bin/../lib/gcc/arm-none-eabi/6.3.1/../../../../arm-none-eabi/lib/thumb/v7e-m/fpv4-sp/hard/libg_nano.a(lib_a-impure.o)
 .ARM.attributes
                0x00000000000002f9       0x34 /home/hugo/local/Toolchain/GNU Tools ARM Embedded/gcc-arm-none-eabi-6-2017-q1-update/bin/../lib/gcc/arm-none-eabi/6.3.1/../../../../arm-none-eabi/lib/thumb/v7e-m/fpv4-sp/hard/libg_nano.a(lib_a-init.o)
 .ARM.attributes
                0x000000000000032d       0x34 /home/hugo/local/Toolchain/GNU Tools ARM Embedded/gcc-arm-none-eabi-6-2017-q1-update/bin/../lib/gcc/arm-none-eabi/6.3.1/../../../../arm-none-eabi/lib/thumb/v7e-m/fpv4-sp/hard/libg_nano.a(lib_a-memset.o)
 .ARM.attributes
                0x0000000000000361       0x34 /home/hugo/local/Toolchain/GNU Tools ARM Embedded/gcc-arm-none-eabi-6-2017-q1-update/bin/../lib/gcc/arm-none-eabi/6.3.1/../../../../arm-none-eabi/lib/thumb/v7e-m/fpv4-sp/hard/libg_nano.a(lib_a-printf.o)
 .ARM.attributes
                0x0000000000000395       0x34 /home/hugo/local/Toolchain/GNU Tools ARM Embedded/gcc-arm-none-eabi-6-2017-q1-update/bin/../lib/gcc/arm-none-eabi/6.3.1/../../../../arm-none-eabi/lib/thumb/v7e-m/fpv4-sp/hard/libg_nano.a(lib_a-puts.o)
 .ARM.attributes
                0x00000000000003c9       0x34 /home/hugo/local/Toolchain/GNU Tools ARM Embedded/gcc-arm-none-eabi-6-2017-q1-update/bin/../lib/gcc/arm-none-eabi/6.3.1/../../../../arm-none-eabi/lib/thumb/v7e-m/fpv4-sp/hard/libg_nano.a(lib_a-wbuf.o)
 .ARM.attributes
                0x00000000000003fd       0x34 /home/hugo/local/Toolchain/GNU Tools ARM Embedded/gcc-arm-none-eabi-6-2017-q1-update/bin/../lib/gcc/arm-none-eabi/6.3.1/../../../../arm-none-eabi/lib/thumb/v7e-m/fpv4-sp/hard/libg_nano.a(lib_a-wsetup.o)
 .ARM.attributes
                0x0000000000000431       0x34 /home/hugo/local/Toolchain/GNU Tools ARM Embedded/gcc-arm-none-eabi-6-2017-q1-update/bin/../lib/gcc/arm-none-eabi/6.3.1/../../../../arm-none-eabi/lib/thumb/v7e-m/fpv4-sp/hard/libg_nano.a(lib_a-fflush.o)
 .ARM.attributes
                0x0000000000000465       0x34 /home/hugo/local/Toolchain/GNU Tools ARM Embedded/gcc-arm-none-eabi-6-2017-q1-update/bin/../lib/gcc/arm-none-eabi/6.3.1/../../../../arm-none-eabi/lib/thumb/v7e-m/fpv4-sp/hard/libg_nano.a(lib_a-findfp.o)
 .ARM.attributes
                0x0000000000000499       0x34 /home/hugo/local/Toolchain/GNU Tools ARM Embedded/gcc-arm-none-eabi-6-2017-q1-update/bin/../lib/gcc/arm-none-eabi/6.3.1/../../../../arm-none-eabi/lib/thumb/v7e-m/fpv4-sp/hard/libg_nano.a(lib_a-fwalk.o)
 .ARM.attributes
                0x00000000000004cd       0x34 /home/hugo/local/Toolchain/GNU Tools ARM Embedded/gcc-arm-none-eabi-6-2017-q1-update/bin/../lib/gcc/arm-none-eabi/6.3.1/../../../../arm-none-eabi/lib/thumb/v7e-m/fpv4-sp/hard/libg_nano.a(lib_a-makebuf.o)
 .ARM.attributes
                0x0000000000000501       0x34 /home/hugo/local/Toolchain/GNU Tools ARM Embedded/gcc-arm-none-eabi-6-2017-q1-update/bin/../lib/gcc/arm-none-eabi/6.3.1/../../../../arm-none-eabi/lib/thumb/v7e-m/fpv4-sp/hard/libg_nano.a(lib_a-nano-freer.o)
 .ARM.attributes
                0x0000000000000535       0x34 /home/hugo/local/Toolchain/GNU Tools ARM Embedded/gcc-arm-none-eabi-6-2017-q1-update/bin/../lib/gcc/arm-none-eabi/6.3.1/../../../../arm-none-eabi/lib/thumb/v7e-m/fpv4-sp/hard/libg_nano.a(lib_a-nano-mallocr.o)
 .ARM.attributes
                0x0000000000000569       0x34 /home/hugo/local/Toolchain/GNU Tools ARM Embedded/gcc-arm-none-eabi-6-2017-q1-update/bin/../lib/gcc/arm-none-eabi/6.3.1/../../../../arm-none-eabi/lib/thumb/v7e-m/fpv4-sp/hard/libg_nano.a(lib_a-nano-vfprintf.o)
 .ARM.attributes
                0x000000000000059d       0x34 /home/hugo/local/Toolchain/GNU Tools ARM Embedded/gcc-arm-none-eabi-6-2017-q1-update/bin/../lib/gcc/arm-none-eabi/6.3.1/../../../../arm-none-eabi/lib/thumb/v7e-m/fpv4-sp/hard/libg_nano.a(lib_a-nano-vfprintf_i.o)
 .ARM.attributes
                0x00000000000005d1       0x34 /home/hugo/local/Toolchain/GNU Tools ARM Embedded/gcc-arm-none-eabi-6-2017-q1-update/bin/../lib/gcc/arm-none-eabi/6.3.1/../../../../arm-none-eabi/lib/thumb/v7e-m/fpv4-sp/hard/libg_nano.a(lib_a-sbrkr.o)
 .ARM.attributes
                0x0000000000000605       0x34 /home/hugo/local/Toolchain/GNU Tools ARM Embedded/gcc-arm-none-eabi-6-2017-q1-update/bin/../lib/gcc/arm-none-eabi/6.3.1/../../../../arm-none-eabi/lib/thumb/v7e-m/fpv4-sp/hard/libg_nano.a(lib_a-stdio.o)
 .ARM.attributes
                0x0000000000000639       0x34 /home/hugo/local/Toolchain/GNU Tools ARM Embedded/gcc-arm-none-eabi-6-2017-q1-update/bin/../lib/gcc/arm-none-eabi/6.3.1/../../../../arm-none-eabi/lib/thumb/v7e-m/fpv4-sp/hard/libg_nano.a(lib_a-writer.o)
 .ARM.attributes
                0x000000000000066d       0x34 /home/hugo/local/Toolchain/GNU Tools ARM Embedded/gcc-arm-none-eabi-6-2017-q1-update/bin/../lib/gcc/arm-none-eabi/6.3.1/../../../../arm-none-eabi/lib/thumb/v7e-m/fpv4-sp/hard/libg_nano.a(lib_a-closer.o)
 .ARM.attributes
                0x00000000000006a1       0x34 /home/hugo/local/Toolchain/GNU Tools ARM Embedded/gcc-arm-none-eabi-6-2017-q1-update/bin/../lib/gcc/arm-none-eabi/6.3.1/../../../../arm-none-eabi/lib/thumb/v7e-m/fpv4-sp/hard/libg_nano.a(lib_a-fstatr.o)
 .ARM.attributes
                0x00000000000006d5       0x34 /home/hugo/local/Toolchain/GNU Tools ARM Embedded/gcc-arm-none-eabi-6-2017-q1-update/bin/../lib/gcc/arm-none-eabi/6.3.1/../../../../arm-none-eabi/lib/thumb/v7e-m/fpv4-sp/hard/libg_nano.a(lib_a-isattyr.o)
 .ARM.attributes
                0x0000000000000709       0x34 /home/hugo/local/Toolchain/GNU Tools ARM Embedded/gcc-arm-none-eabi-6-2017-q1-update/bin/../lib/gcc/arm-none-eabi/6.3.1/../../../../arm-none-eabi/lib/thumb/v7e-m/fpv4-sp/hard/libg_nano.a(lib_a-lseekr.o)
 .ARM.attributes
                0x000000000000073d       0x20 /home/hugo/local/Toolchain/GNU Tools ARM Embedded/gcc-arm-none-eabi-6-2017-q1-update/bin/../lib/gcc/arm-none-eabi/6.3.1/../../../../arm-none-eabi/lib/thumb/v7e-m/fpv4-sp/hard/libg_nano.a(lib_a-memchr.o)
 .ARM.attributes
                0x000000000000075d       0x34 /home/hugo/local/Toolchain/GNU Tools ARM Embedded/gcc-arm-none-eabi-6-2017-q1-update/bin/../lib/gcc/arm-none-eabi/6.3.1/../../../../arm-none-eabi/lib/thumb/v7e-m/fpv4-sp/hard/libg_nano.a(lib_a-mlock.o)
 .ARM.attributes
                0x0000000000000791       0x34 /home/hugo/local/Toolchain/GNU Tools ARM Embedded/gcc-arm-none-eabi-6-2017-q1-update/bin/../lib/gcc/arm-none-eabi/6.3.1/../../../../arm-none-eabi/lib/thumb/v7e-m/fpv4-sp/hard/libg_nano.a(lib_a-readr.o)
 .ARM.attributes
                0x00000000000007c5       0x34 /home/hugo/local/Toolchain/GNU Tools ARM Embedded/gcc-arm-none-eabi-6-2017-q1-update/bin/../lib/gcc/arm-none-eabi/6.3.1/thumb/v7e-m/fpv4-sp/hard/crtend.o
 .ARM.attributes
                0x00000000000007f9       0x22 /home/hugo/local/Toolchain/GNU Tools ARM Embedded/gcc-arm-none-eabi-6-2017-q1-update/bin/../lib/gcc/arm-none-eabi/6.3.1/thumb/v7e-m/fpv4-sp/hard/crtn.o
 .ARM.attributes
                0x000000000000081b       0x34 /home/hugo/local/Toolchain/GNU Tools ARM Embedded/gcc-arm-none-eabi-6-2017-q1-update/bin/../lib/gcc/arm-none-eabi/6.3.1/../../../../arm-none-eabi/lib/thumb/v7e-m/fpv4-sp/hard/libnosys.a(sbrk.o)
 .ARM.attributes
                0x000000000000084f       0x34 /home/hugo/local/Toolchain/GNU Tools ARM Embedded/gcc-arm-none-eabi-6-2017-q1-update/bin/../lib/gcc/arm-none-eabi/6.3.1/../../../../arm-none-eabi/lib/thumb/v7e-m/fpv4-sp/hard/libnosys.a(_exit.o)

.comment        0x0000000000000000       0x7f
 .comment       0x0000000000000000       0x7f ./User/main.o
                                         0x80 (size before relaxing)
 .comment       0x000000000000007f       0x80 ./User/sys.o
 .comment       0x000000000000007f       0x80 ./Library/StdDriver/src/clk.o
 .comment       0x000000000000007f       0x80 ./Library/StdDriver/src/gpio.o
 .comment       0x000000000000007f       0x80 ./Library/StdDriver/src/retarget.o
 .comment       0x000000000000007f       0x80 ./Library/StdDriver/src/uart.o
 .comment       0x000000000000007f       0x80 ./CMSIS/GCC/_syscalls.o
 .comment       0x000000000000007f       0x80 ./CMSIS/system_M480.o

.debug_info     0x0000000000000000     0x92e2
 .debug_info    0x0000000000000000     0x1bbe ./User/main.o
 .debug_info    0x0000000000001bbe       0xc0 ./User/sys.o
 .debug_info    0x0000000000001c7e     0x1ca9 ./Library/StdDriver/src/clk.o
 .debug_info    0x0000000000003927      0xe2c ./Library/StdDriver/src/gpio.o
 .debug_info    0x0000000000004753     0x1074 ./Library/StdDriver/src/retarget.o
 .debug_info    0x00000000000057c7     0x13cd ./Library/StdDriver/src/uart.o
 .debug_info    0x0000000000006b94     0x11bb ./CMSIS/GCC/_syscalls.o
 .debug_info    0x0000000000007d4f       0x73 ./CMSIS/GCC/startup_M480.o
 .debug_info    0x0000000000007dc2     0x1520 ./CMSIS/system_M480.o

.debug_abbrev   0x0000000000000000     0x13d9
 .debug_abbrev  0x0000000000000000      0x344 ./User/main.o
 .debug_abbrev  0x0000000000000344       0x85 ./User/sys.o
 .debug_abbrev  0x00000000000003c9      0x34f ./Library/StdDriver/src/clk.o
 .debug_abbrev  0x0000000000000718      0x206 ./Library/StdDriver/src/gpio.o
 .debug_abbrev  0x000000000000091e      0x340 ./Library/StdDriver/src/retarget.o
 .debug_abbrev  0x0000000000000c5e      0x29a ./Library/StdDriver/src/uart.o
 .debug_abbrev  0x0000000000000ef8      0x289 ./CMSIS/GCC/_syscalls.o
 .debug_abbrev  0x0000000000001181       0x14 ./CMSIS/GCC/startup_M480.o
 .debug_abbrev  0x0000000000001195      0x244 ./CMSIS/system_M480.o

.debug_loc      0x0000000000000000     0x1e34
 .debug_loc     0x0000000000000000       0x82 ./User/main.o
 .debug_loc     0x0000000000000082       0x21 ./User/sys.o
 .debug_loc     0x00000000000000a3      0xd86 ./Library/StdDriver/src/clk.o
 .debug_loc     0x0000000000000e29       0xc0 ./Library/StdDriver/src/gpio.o
 .debug_loc     0x0000000000000ee9      0x179 ./Library/StdDriver/src/retarget.o
 .debug_loc     0x0000000000001062      0x850 ./Library/StdDriver/src/uart.o
 .debug_loc     0x00000000000018b2      0x549 ./CMSIS/GCC/_syscalls.o
 .debug_loc     0x0000000000001dfb       0x39 ./CMSIS/system_M480.o

.debug_aranges  0x0000000000000000      0x3a8
 .debug_aranges
                0x0000000000000000       0x30 ./User/main.o
 .debug_aranges
                0x0000000000000030       0x20 ./User/sys.o
 .debug_aranges
                0x0000000000000050      0x108 ./Library/StdDriver/src/clk.o
 .debug_aranges
                0x0000000000000158       0x40 ./Library/StdDriver/src/gpio.o
 .debug_aranges
                0x0000000000000198       0x70 ./Library/StdDriver/src/retarget.o
 .debug_aranges
                0x0000000000000208       0x88 ./Library/StdDriver/src/uart.o
 .debug_aranges
                0x0000000000000290       0xd0 ./CMSIS/GCC/_syscalls.o
 .debug_aranges
                0x0000000000000360       0x20 ./CMSIS/GCC/startup_M480.o
 .debug_aranges
                0x0000000000000380       0x28 ./CMSIS/system_M480.o

.debug_ranges   0x0000000000000000      0x308
 .debug_ranges  0x0000000000000000       0x20 ./User/main.o
 .debug_ranges  0x0000000000000020       0x10 ./User/sys.o
 .debug_ranges  0x0000000000000030       0xf8 ./Library/StdDriver/src/clk.o
 .debug_ranges  0x0000000000000128       0x30 ./Library/StdDriver/src/gpio.o
 .debug_ranges  0x0000000000000158       0x60 ./Library/StdDriver/src/retarget.o
 .debug_ranges  0x00000000000001b8       0x78 ./Library/StdDriver/src/uart.o
 .debug_ranges  0x0000000000000230       0xc0 ./CMSIS/GCC/_syscalls.o
 .debug_ranges  0x00000000000002f0       0x18 ./CMSIS/system_M480.o

.debug_line     0x0000000000000000     0x1f37
 .debug_line    0x0000000000000000      0x39c ./User/main.o
 .debug_line    0x000000000000039c      0x147 ./User/sys.o
 .debug_line    0x00000000000004e3      0x651 ./Library/StdDriver/src/clk.o
 .debug_line    0x0000000000000b34      0x345 ./Library/StdDriver/src/gpio.o
 .debug_line    0x0000000000000e79      0x44e ./Library/StdDriver/src/retarget.o
 .debug_line    0x00000000000012c7      0x496 ./Library/StdDriver/src/uart.o
 .debug_line    0x000000000000175d      0x43a ./CMSIS/GCC/_syscalls.o
 .debug_line    0x0000000000001b97       0x7f ./CMSIS/GCC/startup_M480.o
 .debug_line    0x0000000000001c16      0x321 ./CMSIS/system_M480.o

.debug_str      0x0000000000000000     0x1d5e
 .debug_str     0x0000000000000000     0x1233 ./User/main.o
                                       0x1335 (size before relaxing)
 .debug_str     0x0000000000001233       0x1d ./User/sys.o
                                        0x1d7 (size before relaxing)
 .debug_str     0x0000000000001250      0x397 ./Library/StdDriver/src/clk.o
                                       0x106d (size before relaxing)
 .debug_str     0x00000000000015e7       0x85 ./Library/StdDriver/src/gpio.o
                                        0x9c7 (size before relaxing)
 .debug_str     0x000000000000166c       0xb7 ./Library/StdDriver/src/retarget.o
                                        0xa24 (size before relaxing)
 .debug_str     0x0000000000001723      0x1f2 ./Library/StdDriver/src/uart.o
                                        0xc93 (size before relaxing)
 .debug_str     0x0000000000001915      0x2aa ./CMSIS/GCC/_syscalls.o
                                        0x8c3 (size before relaxing)
 .debug_str     0x0000000000001bbf      0x19f ./CMSIS/system_M480.o
                                        0xc91 (size before relaxing)

.debug_frame    0x0000000000000000      0xff0
 .debug_frame   0x0000000000000000       0x50 ./User/main.o
 .debug_frame   0x0000000000000050       0x20 ./User/sys.o
 .debug_frame   0x0000000000000070      0x2ac ./Library/StdDriver/src/clk.o
 .debug_frame   0x000000000000031c       0x9c ./Library/StdDriver/src/gpio.o
 .debug_frame   0x00000000000003b8       0xf4 ./Library/StdDriver/src/retarget.o
 .debug_frame   0x00000000000004ac      0x160 ./Library/StdDriver/src/uart.o
 .debug_frame   0x000000000000060c      0x230 ./CMSIS/GCC/_syscalls.o
 .debug_frame   0x000000000000083c       0x38 ./CMSIS/system_M480.o
 .debug_frame   0x0000000000000874       0x20 /home/hugo/local/Toolchain/GNU Tools ARM Embedded/gcc-arm-none-eabi-6-2017-q1-update/bin/../lib/gcc/arm-none-eabi/6.3.1/../../../../arm-none-eabi/lib/thumb/v7e-m/fpv4-sp/hard/libg_nano.a(lib_a-errno.o)
 .debug_frame   0x0000000000000894       0x28 /home/hugo/local/Toolchain/GNU Tools ARM Embedded/gcc-arm-none-eabi-6-2017-q1-update/bin/../lib/gcc/arm-none-eabi/6.3.1/../../../../arm-none-eabi/lib/thumb/v7e-m/fpv4-sp/hard/libg_nano.a(lib_a-exit.o)
 .debug_frame   0x00000000000008bc       0x2c /home/hugo/local/Toolchain/GNU Tools ARM Embedded/gcc-arm-none-eabi-6-2017-q1-update/bin/../lib/gcc/arm-none-eabi/6.3.1/../../../../arm-none-eabi/lib/thumb/v7e-m/fpv4-sp/hard/libg_nano.a(lib_a-init.o)
 .debug_frame   0x00000000000008e8       0x20 /home/hugo/local/Toolchain/GNU Tools ARM Embedded/gcc-arm-none-eabi-6-2017-q1-update/bin/../lib/gcc/arm-none-eabi/6.3.1/../../../../arm-none-eabi/lib/thumb/v7e-m/fpv4-sp/hard/libg_nano.a(lib_a-memset.o)
 .debug_frame   0x0000000000000908       0x74 /home/hugo/local/Toolchain/GNU Tools ARM Embedded/gcc-arm-none-eabi-6-2017-q1-update/bin/../lib/gcc/arm-none-eabi/6.3.1/../../../../arm-none-eabi/lib/thumb/v7e-m/fpv4-sp/hard/libg_nano.a(lib_a-printf.o)
 .debug_frame   0x000000000000097c       0x3c /home/hugo/local/Toolchain/GNU Tools ARM Embedded/gcc-arm-none-eabi-6-2017-q1-update/bin/../lib/gcc/arm-none-eabi/6.3.1/../../../../arm-none-eabi/lib/thumb/v7e-m/fpv4-sp/hard/libg_nano.a(lib_a-puts.o)
 .debug_frame   0x00000000000009b8       0x40 /home/hugo/local/Toolchain/GNU Tools ARM Embedded/gcc-arm-none-eabi-6-2017-q1-update/bin/../lib/gcc/arm-none-eabi/6.3.1/../../../../arm-none-eabi/lib/thumb/v7e-m/fpv4-sp/hard/libg_nano.a(lib_a-wbuf.o)
 .debug_frame   0x00000000000009f8       0x2c /home/hugo/local/Toolchain/GNU Tools ARM Embedded/gcc-arm-none-eabi-6-2017-q1-update/bin/../lib/gcc/arm-none-eabi/6.3.1/../../../../arm-none-eabi/lib/thumb/v7e-m/fpv4-sp/hard/libg_nano.a(lib_a-wsetup.o)
 .debug_frame   0x0000000000000a24       0x68 /home/hugo/local/Toolchain/GNU Tools ARM Embedded/gcc-arm-none-eabi-6-2017-q1-update/bin/../lib/gcc/arm-none-eabi/6.3.1/../../../../arm-none-eabi/lib/thumb/v7e-m/fpv4-sp/hard/libg_nano.a(lib_a-fflush.o)
 .debug_frame   0x0000000000000a8c      0x11c /home/hugo/local/Toolchain/GNU Tools ARM Embedded/gcc-arm-none-eabi-6-2017-q1-update/bin/../lib/gcc/arm-none-eabi/6.3.1/../../../../arm-none-eabi/lib/thumb/v7e-m/fpv4-sp/hard/libg_nano.a(lib_a-findfp.o)
 .debug_frame   0x0000000000000ba8       0x54 /home/hugo/local/Toolchain/GNU Tools ARM Embedded/gcc-arm-none-eabi-6-2017-q1-update/bin/../lib/gcc/arm-none-eabi/6.3.1/../../../../arm-none-eabi/lib/thumb/v7e-m/fpv4-sp/hard/libg_nano.a(lib_a-fwalk.o)
 .debug_frame   0x0000000000000bfc       0x58 /home/hugo/local/Toolchain/GNU Tools ARM Embedded/gcc-arm-none-eabi-6-2017-q1-update/bin/../lib/gcc/arm-none-eabi/6.3.1/../../../../arm-none-eabi/lib/thumb/v7e-m/fpv4-sp/hard/libg_nano.a(lib_a-makebuf.o)
 .debug_frame   0x0000000000000c54       0x38 /home/hugo/local/Toolchain/GNU Tools ARM Embedded/gcc-arm-none-eabi-6-2017-q1-update/bin/../lib/gcc/arm-none-eabi/6.3.1/../../../../arm-none-eabi/lib/thumb/v7e-m/fpv4-sp/hard/libg_nano.a(lib_a-nano-freer.o)
 .debug_frame   0x0000000000000c8c       0x2c /home/hugo/local/Toolchain/GNU Tools ARM Embedded/gcc-arm-none-eabi-6-2017-q1-update/bin/../lib/gcc/arm-none-eabi/6.3.1/../../../../arm-none-eabi/lib/thumb/v7e-m/fpv4-sp/hard/libg_nano.a(lib_a-nano-mallocr.o)
 .debug_frame   0x0000000000000cb8       0xac /home/hugo/local/Toolchain/GNU Tools ARM Embedded/gcc-arm-none-eabi-6-2017-q1-update/bin/../lib/gcc/arm-none-eabi/6.3.1/../../../../arm-none-eabi/lib/thumb/v7e-m/fpv4-sp/hard/libg_nano.a(lib_a-nano-vfprintf.o)
 .debug_frame   0x0000000000000d64       0x60 /home/hugo/local/Toolchain/GNU Tools ARM Embedded/gcc-arm-none-eabi-6-2017-q1-update/bin/../lib/gcc/arm-none-eabi/6.3.1/../../../../arm-none-eabi/lib/thumb/v7e-m/fpv4-sp/hard/libg_nano.a(lib_a-nano-vfprintf_i.o)
 .debug_frame   0x0000000000000dc4       0x2c /home/hugo/local/Toolchain/GNU Tools ARM Embedded/gcc-arm-none-eabi-6-2017-q1-update/bin/../lib/gcc/arm-none-eabi/6.3.1/../../../../arm-none-eabi/lib/thumb/v7e-m/fpv4-sp/hard/libg_nano.a(lib_a-sbrkr.o)
 .debug_frame   0x0000000000000df0       0x88 /home/hugo/local/Toolchain/GNU Tools ARM Embedded/gcc-arm-none-eabi-6-2017-q1-update/bin/../lib/gcc/arm-none-eabi/6.3.1/../../../../arm-none-eabi/lib/thumb/v7e-m/fpv4-sp/hard/libg_nano.a(lib_a-stdio.o)
 .debug_frame   0x0000000000000e78       0x2c /home/hugo/local/Toolchain/GNU Tools ARM Embedded/gcc-arm-none-eabi-6-2017-q1-update/bin/../lib/gcc/arm-none-eabi/6.3.1/../../../../arm-none-eabi/lib/thumb/v7e-m/fpv4-sp/hard/libg_nano.a(lib_a-writer.o)
 .debug_frame   0x0000000000000ea4       0x2c /home/hugo/local/Toolchain/GNU Tools ARM Embedded/gcc-arm-none-eabi-6-2017-q1-update/bin/../lib/gcc/arm-none-eabi/6.3.1/../../../../arm-none-eabi/lib/thumb/v7e-m/fpv4-sp/hard/libg_nano.a(lib_a-closer.o)
 .debug_frame   0x0000000000000ed0       0x2c /home/hugo/local/Toolchain/GNU Tools ARM Embedded/gcc-arm-none-eabi-6-2017-q1-update/bin/../lib/gcc/arm-none-eabi/6.3.1/../../../../arm-none-eabi/lib/thumb/v7e-m/fpv4-sp/hard/libg_nano.a(lib_a-fstatr.o)
 .debug_frame   0x0000000000000efc       0x2c /home/hugo/local/Toolchain/GNU Tools ARM Embedded/gcc-arm-none-eabi-6-2017-q1-update/bin/../lib/gcc/arm-none-eabi/6.3.1/../../../../arm-none-eabi/lib/thumb/v7e-m/fpv4-sp/hard/libg_nano.a(lib_a-isattyr.o)
 .debug_frame   0x0000000000000f28       0x2c /home/hugo/local/Toolchain/GNU Tools ARM Embedded/gcc-arm-none-eabi-6-2017-q1-update/bin/../lib/gcc/arm-none-eabi/6.3.1/../../../../arm-none-eabi/lib/thumb/v7e-m/fpv4-sp/hard/libg_nano.a(lib_a-lseekr.o)
 .debug_frame   0x0000000000000f54       0x30 /home/hugo/local/Toolchain/GNU Tools ARM Embedded/gcc-arm-none-eabi-6-2017-q1-update/bin/../lib/gcc/arm-none-eabi/6.3.1/../../../../arm-none-eabi/lib/thumb/v7e-m/fpv4-sp/hard/libg_nano.a(lib_a-mlock.o)
 .debug_frame   0x0000000000000f84       0x2c /home/hugo/local/Toolchain/GNU Tools ARM Embedded/gcc-arm-none-eabi-6-2017-q1-update/bin/../lib/gcc/arm-none-eabi/6.3.1/../../../../arm-none-eabi/lib/thumb/v7e-m/fpv4-sp/hard/libg_nano.a(lib_a-readr.o)
 .debug_frame   0x0000000000000fb0       0x20 /home/hugo/local/Toolchain/GNU Tools ARM Embedded/gcc-arm-none-eabi-6-2017-q1-update/bin/../lib/gcc/arm-none-eabi/6.3.1/../../../../arm-none-eabi/lib/thumb/v7e-m/fpv4-sp/hard/libnosys.a(sbrk.o)
 .debug_frame   0x0000000000000fd0       0x20 /home/hugo/local/Toolchain/GNU Tools ARM Embedded/gcc-arm-none-eabi-6-2017-q1-update/bin/../lib/gcc/arm-none-eabi/6.3.1/../../../../arm-none-eabi/lib/thumb/v7e-m/fpv4-sp/hard/libnosys.a(_exit.o)
